ArduCAM.c:45:6:CS_HIGH	0	static
ArduCAM.c:50:6:CS_LOW	0	static
ArduCAM.c:55:6:set_format	0	static
ArduCAM.c:63:9:read_reg	24	static
ArduCAM.c:74:6:write_reg	24	static
ArduCAM.c:84:9:read_fifo	0	static
ArduCAM.c:96:6:flush_fifo	0	static
ArduCAM.c:101:6:start_capture	0	static
ArduCAM.c:106:6:clear_fifo_flag	0	static
ArduCAM.c:111:10:read_fifo_length	16	static
ArduCAM.c:122:6:set_bit	16	static
ArduCAM.c:129:6:clear_bit	16	static
ArduCAM.c:137:9:get_bit	8	static
ArduCAM.c:149:6:set_mode	0	static
ArduCAM.c:337:5:wrSensorRegs8_8	16	static
ArduCAM.c:355:9:wrSensorReg16_8	32	static
ArduCAM.c:361:5:wrSensorRegs16_8	24	static
ArduCAM.c:30:6:ArduCAM_Init	8	static
ArduCAM.c:244:6:OV5642_set_JPEG_size	0	static
ArduCAM.c:381:9:rdSensorReg16_8	40	static
