ArduCAM.c:24:6:ArduCAM_Init	8	static
ArduCAM.c:39:6:CS_HIGH	8	static
ArduCAM.c:44:6:CS_LOW	8	static
ArduCAM.c:49:6:set_format	16	static
ArduCAM.c:57:9:read_reg	24	static
ArduCAM.c:68:6:write_reg	24	static
ArduCAM.c:78:9:read_fifo	16	static
ArduCAM.c:90:6:flush_fifo	8	static
ArduCAM.c:95:6:start_capture	8	static
ArduCAM.c:100:6:clear_fifo_flag	8	static
ArduCAM.c:105:10:read_fifo_length	24	static
ArduCAM.c:116:6:set_bit	24	static
ArduCAM.c:123:6:clear_bit	24	static
ArduCAM.c:131:9:get_bit	24	static
ArduCAM.c:143:6:set_mode	16	static
ArduCAM.c:162:6:OV5642_set_JPEG_size	16	static
ArduCAM.c:195:5:wrSensorRegs8_8	32	static
ArduCAM.c:213:9:wrSensorReg16_8	32	static
ArduCAM.c:238:9:WRSensorRegs16_8	32	static
ArduCAM.c:256:9:rdSensorReg16_8	32	static
